node_modules/react-router/dist/development/index.d.ts(4,8): error TS1259: Module '"C:/Users/ASUS/Desktop/First_addition/node_modules/@types/react/index"' can only be default-imported using the 'esModuleInterop' flag
node_modules/react-router/dist/development/instrumentation-DvHY1sgY.d.ts(408,5): error TS18028: Private identifiers are only available when targeting ECMAScript 2015 and higher.
src/config/supabase.ts(4,21): error TS1343: The 'import.meta' meta-property is only allowed when the '--module' option is 'es2020', 'es2022', 'esnext', 'system', 'node16', 'node18', 'node20', or 'nodenext'.
src/config/supabase.ts(4,33): error TS2339: Property 'env' does not exist on type 'ImportMeta'.
src/config/supabase.ts(5,24): error TS1343: The 'import.meta' meta-property is only allowed when the '--module' option is 'es2020', 'es2022', 'esnext', 'system', 'node16', 'node18', 'node20', or 'nodenext'.
src/config/supabase.ts(5,36): error TS2339: Property 'env' does not exist on type 'ImportMeta'.
src/screens/player/CourtBooking.tsx(9,25): error TS6142: Module '../../services/AuthContext' was resolved to 'C:/Users/ASUS/Desktop/First_addition/src/services/AuthContext.tsx', but '--jsx' is not set.
src/screens/player/CourtBooking.tsx(99,5): error TS17004: Cannot use JSX unless the '--jsx' flag is provided.
src/screens/player/CourtBooking.tsx(107,5): error TS17004: Cannot use JSX unless the '--jsx' flag is provided.
src/screens/player/CourtBooking.tsx(109,9): error TS17004: Cannot use JSX unless the '--jsx' flag is provided.
src/screens/player/CourtBooking.tsx(113,7): error TS17004: Cannot use JSX unless the '--jsx' flag is provided.
src/screens/player/CourtBooking.tsx(360,7): error TS17004: Cannot use JSX unless the '--jsx' flag is provided.
src/screens/player/CourtBooking.tsx(361,9): error TS17004: Cannot use JSX unless the '--jsx' flag is provided.
src/screens/player/CourtBooking.tsx(362,9): error TS17004: Cannot use JSX unless the '--jsx' flag is provided.
src/screens/player/CourtBooking.tsx(384,5): error TS17004: Cannot use JSX unless the '--jsx' flag is provided.
src/screens/player/CourtBooking.tsx(387,7): error TS17004: Cannot use JSX unless the '--jsx' flag is provided.
src/screens/player/CourtBooking.tsx(388,9): error TS17004: Cannot use JSX unless the '--jsx' flag is provided.
src/screens/player/CourtBooking.tsx(389,11): error TS17004: Cannot use JSX unless the '--jsx' flag is provided.
src/screens/player/CourtBooking.tsx(390,11): error TS17004: Cannot use JSX unless the '--jsx' flag is provided.
src/screens/player/CourtBooking.tsx(392,9): error TS17004: Cannot use JSX unless the '--jsx' flag is provided.
src/screens/player/CourtBooking.tsx(396,9): error TS17004: Cannot use JSX unless the '--jsx' flag is provided.
src/screens/player/CourtBooking.tsx(402,7): error TS17004: Cannot use JSX unless the '--jsx' flag is provided.
src/screens/player/CourtBooking.tsx(405,60): error TS17004: Cannot use JSX unless the '--jsx' flag is provided.
src/screens/player/CourtBooking.tsx(406,60): error TS17004: Cannot use JSX unless the '--jsx' flag is provided.
src/screens/player/CourtBooking.tsx(407,60): error TS17004: Cannot use JSX unless the '--jsx' flag is provided.
src/screens/player/CourtBooking.tsx(410,11): error TS17004: Cannot use JSX unless the '--jsx' flag is provided.
src/screens/player/CourtBooking.tsx(422,15): error TS17004: Cannot use JSX unless the '--jsx' flag is provided.
src/screens/player/CourtBooking.tsx(432,7): error TS17004: Cannot use JSX unless the '--jsx' flag is provided.
src/screens/player/CourtBooking.tsx(437,11): error TS17004: Cannot use JSX unless the '--jsx' flag is provided.
src/screens/player/CourtBooking.tsx(444,13): error TS17004: Cannot use JSX unless the '--jsx' flag is provided.
src/screens/player/CourtBooking.tsx(446,15): error TS17004: Cannot use JSX unless the '--jsx' flag is provided.
src/screens/player/CourtBooking.tsx(449,17): error TS17004: Cannot use JSX unless the '--jsx' flag is provided.
src/screens/player/CourtBooking.tsx(450,19): error TS17004: Cannot use JSX unless the '--jsx' flag is provided.
src/screens/player/CourtBooking.tsx(451,19): error TS17004: Cannot use JSX unless the '--jsx' flag is provided.
src/screens/player/CourtBooking.tsx(453,23): error TS17004: Cannot use JSX unless the '--jsx' flag is provided.
src/screens/player/CourtBooking.tsx(465,25): error TS17004: Cannot use JSX unless the '--jsx' flag is provided.
src/screens/player/CourtBooking.tsx(466,27): error TS17004: Cannot use JSX unless the '--jsx' flag is provided.
src/screens/player/CourtBooking.tsx(467,29): error TS17004: Cannot use JSX unless the '--jsx' flag is provided.
src/screens/player/CourtBooking.tsx(470,29): error TS17004: Cannot use JSX unless the '--jsx' flag is provided.
src/screens/player/CourtBooking.tsx(475,29): error TS17004: Cannot use JSX unless the '--jsx' flag is provided.
src/screens/player/CourtBooking.tsx(479,25): error TS17004: Cannot use JSX unless the '--jsx' flag is provided.
src/screens/player/CourtBooking.tsx(480,27): error TS17004: Cannot use JSX unless the '--jsx' flag is provided.
src/screens/player/CourtBooking.tsx(481,29): error TS17004: Cannot use JSX unless the '--jsx' flag is provided.
src/screens/player/CourtBooking.tsx(481,73): error TS17004: Cannot use JSX unless the '--jsx' flag is provided.
src/screens/player/CourtBooking.tsx(482,29): error TS17004: Cannot use JSX unless the '--jsx' flag is provided.
src/screens/player/CourtBooking.tsx(482,73): error TS17004: Cannot use JSX unless the '--jsx' flag is provided.
src/screens/player/CourtBooking.tsx(484,27): error TS17004: Cannot use JSX unless the '--jsx' flag is provided.
src/screens/player/CourtBooking.tsx(492,17): error TS17004: Cannot use JSX unless the '--jsx' flag is provided.
src/screens/player/CourtBooking.tsx(493,19): error TS17004: Cannot use JSX unless the '--jsx' flag is provided.
src/screens/player/CourtBooking.tsx(494,19): error TS17004: Cannot use JSX unless the '--jsx' flag is provided.
src/screens/player/CourtBooking.tsx(495,21): error TS17004: Cannot use JSX unless the '--jsx' flag is provided.
src/screens/player/CourtBooking.tsx(497,23): error TS17004: Cannot use JSX unless the '--jsx' flag is provided.
src/screens/player/CourtBooking.tsx(498,25): error TS17004: Cannot use JSX unless the '--jsx' flag is provided.
src/screens/player/CourtBooking.tsx(499,27): error TS17004: Cannot use JSX unless the '--jsx' flag is provided.
src/screens/player/CourtBooking.tsx(502,27): error TS17004: Cannot use JSX unless the '--jsx' flag is provided.
src/screens/player/CourtBooking.tsx(512,25): error TS17004: Cannot use JSX unless the '--jsx' flag is provided.
src/screens/player/CourtBooking.tsx(513,27): error TS17004: Cannot use JSX unless the '--jsx' flag is provided.
src/screens/player/CourtBooking.tsx(516,27): error TS17004: Cannot use JSX unless the '--jsx' flag is provided.
src/screens/player/CourtBooking.tsx(518,31): error TS17004: Cannot use JSX unless the '--jsx' flag is provided.
src/screens/player/CourtBooking.tsx(534,25): error TS17004: Cannot use JSX unless the '--jsx' flag is provided.
src/screens/player/CourtBooking.tsx(535,27): error TS17004: Cannot use JSX unless the '--jsx' flag is provided.
src/screens/player/CourtBooking.tsx(538,27): error TS17004: Cannot use JSX unless the '--jsx' flag is provided.
src/screens/player/CourtBooking.tsx(539,29): error TS17004: Cannot use JSX unless the '--jsx' flag is provided.
src/screens/player/CourtBooking.tsx(545,29): error TS17004: Cannot use JSX unless the '--jsx' flag is provided.
src/screens/player/CourtBooking.tsx(548,29): error TS17004: Cannot use JSX unless the '--jsx' flag is provided.
src/screens/player/CourtBooking.tsx(559,23): error TS17004: Cannot use JSX unless the '--jsx' flag is provided.
src/screens/player/CourtBooking.tsx(560,25): error TS17004: Cannot use JSX unless the '--jsx' flag is provided.
src/screens/player/CourtBooking.tsx(561,27): error TS17004: Cannot use JSX unless the '--jsx' flag is provided.
src/screens/player/CourtBooking.tsx(565,29): error TS17004: Cannot use JSX unless the '--jsx' flag is provided.
src/screens/player/CourtBooking.tsx(569,25): error TS17004: Cannot use JSX unless the '--jsx' flag is provided.
src/screens/player/CourtBooking.tsx(574,31): error TS17004: Cannot use JSX unless the '--jsx' flag is provided.
src/screens/player/CourtBooking.tsx(588,35): error TS17004: Cannot use JSX unless the '--jsx' flag is provided.
src/screens/player/CourtBooking.tsx(589,37): error TS17004: Cannot use JSX unless the '--jsx' flag is provided.
src/screens/player/CourtBooking.tsx(597,25): error TS17004: Cannot use JSX unless the '--jsx' flag is provided.
src/screens/player/CourtBooking.tsx(598,27): error TS17004: Cannot use JSX unless the '--jsx' flag is provided.
src/screens/player/CourtBooking.tsx(599,29): error TS17004: Cannot use JSX unless the '--jsx' flag is provided.
src/screens/player/CourtBooking.tsx(601,27): error TS17004: Cannot use JSX unless the '--jsx' flag is provided.
src/screens/player/CourtBooking.tsx(602,29): error TS17004: Cannot use JSX unless the '--jsx' flag is provided.
src/screens/player/CourtBooking.tsx(604,27): error TS17004: Cannot use JSX unless the '--jsx' flag is provided.
src/screens/player/CourtBooking.tsx(605,29): error TS17004: Cannot use JSX unless the '--jsx' flag is provided.
src/screens/player/CourtBooking.tsx(614,17): error TS17004: Cannot use JSX unless the '--jsx' flag is provided.
src/screens/player/CourtBooking.tsx(615,19): error TS17004: Cannot use JSX unless the '--jsx' flag is provided.
src/screens/player/CourtBooking.tsx(616,19): error TS17004: Cannot use JSX unless the '--jsx' flag is provided.
src/screens/player/CourtBooking.tsx(618,21): error TS17004: Cannot use JSX unless the '--jsx' flag is provided.
src/screens/player/CourtBooking.tsx(619,23): error TS17004: Cannot use JSX unless the '--jsx' flag is provided.
src/screens/player/CourtBooking.tsx(620,25): error TS17004: Cannot use JSX unless the '--jsx' flag is provided.
src/screens/player/CourtBooking.tsx(622,23): error TS17004: Cannot use JSX unless the '--jsx' flag is provided.
src/screens/player/CourtBooking.tsx(632,21): error TS17004: Cannot use JSX unless the '--jsx' flag is provided.
src/screens/player/CourtBooking.tsx(633,23): error TS17004: Cannot use JSX unless the '--jsx' flag is provided.
src/screens/player/CourtBooking.tsx(634,25): error TS17004: Cannot use JSX unless the '--jsx' flag is provided.
src/screens/player/CourtBooking.tsx(636,23): error TS17004: Cannot use JSX unless the '--jsx' flag is provided.
src/screens/player/CourtBooking.tsx(637,25): error TS17004: Cannot use JSX unless the '--jsx' flag is provided.
src/screens/player/CourtBooking.tsx(647,25): error TS17004: Cannot use JSX unless the '--jsx' flag is provided.
src/screens/player/CourtBooking.tsx(655,25): error TS17004: Cannot use JSX unless the '--jsx' flag is provided.
src/screens/player/CourtBooking.tsx(658,25): error TS17004: Cannot use JSX unless the '--jsx' flag is provided.
src/screens/player/CourtBooking.tsx(665,21): error TS17004: Cannot use JSX unless the '--jsx' flag is provided.
src/screens/player/CourtBooking.tsx(666,23): error TS17004: Cannot use JSX unless the '--jsx' flag is provided.
src/screens/player/CourtBooking.tsx(667,25): error TS17004: Cannot use JSX unless the '--jsx' flag is provided.
src/screens/player/CourtBooking.tsx(669,23): error TS17004: Cannot use JSX unless the '--jsx' flag is provided.
src/screens/player/CourtBooking.tsx(671,27): error TS17004: Cannot use JSX unless the '--jsx' flag is provided.
src/screens/player/CourtBooking.tsx(672,29): error TS17004: Cannot use JSX unless the '--jsx' flag is provided.
src/screens/player/CourtBooking.tsx(676,29): error TS17004: Cannot use JSX unless the '--jsx' flag is provided.
src/screens/player/CourtBooking.tsx(685,31): error TS17004: Cannot use JSX unless the '--jsx' flag is provided.
src/screens/player/CourtBooking.tsx(686,33): error TS17004: Cannot use JSX unless the '--jsx' flag is provided.
src/screens/player/CourtBooking.tsx(692,31): error TS17004: Cannot use JSX unless the '--jsx' flag is provided.
src/screens/player/CourtBooking.tsx(693,33): error TS17004: Cannot use JSX unless the '--jsx' flag is provided.
src/screens/player/CourtBooking.tsx(694,33): error TS17004: Cannot use JSX unless the '--jsx' flag is provided.
src/screens/player/CourtBooking.tsx(708,15): error TS17004: Cannot use JSX unless the '--jsx' flag is provided.
src/screens/player/CourtBooking.tsx(709,17): error TS17004: Cannot use JSX unless the '--jsx' flag is provided.
src/screens/player/CourtBooking.tsx(710,19): error TS17004: Cannot use JSX unless the '--jsx' flag is provided.
src/screens/player/CourtBooking.tsx(711,21): error TS17004: Cannot use JSX unless the '--jsx' flag is provided.
src/screens/player/CourtBooking.tsx(713,21): error TS17004: Cannot use JSX unless the '--jsx' flag is provided.
src/screens/player/CourtBooking.tsx(714,23): error TS17004: Cannot use JSX unless the '--jsx' flag is provided.
src/screens/player/CourtBooking.tsx(715,31): error TS17004: Cannot use JSX unless the '--jsx' flag is provided.
src/screens/player/CourtBooking.tsx(720,23): error TS17004: Cannot use JSX unless the '--jsx' flag is provided.
src/screens/player/CourtBooking.tsx(721,31): error TS17004: Cannot use JSX unless the '--jsx' flag is provided.
src/screens/player/CourtBooking.tsx(725,23): error TS17004: Cannot use JSX unless the '--jsx' flag is provided.
src/screens/player/CourtBooking.tsx(726,31): error TS17004: Cannot use JSX unless the '--jsx' flag is provided.
src/screens/player/CourtBooking.tsx(730,23): error TS17004: Cannot use JSX unless the '--jsx' flag is provided.
src/screens/player/CourtBooking.tsx(731,31): error TS17004: Cannot use JSX unless the '--jsx' flag is provided.
src/screens/player/CourtBooking.tsx(735,23): error TS17004: Cannot use JSX unless the '--jsx' flag is provided.
src/screens/player/CourtBooking.tsx(736,31): error TS17004: Cannot use JSX unless the '--jsx' flag is provided.
src/screens/player/CourtBooking.tsx(741,23): error TS17004: Cannot use JSX unless the '--jsx' flag is provided.
src/screens/player/CourtBooking.tsx(744,23): error TS17004: Cannot use JSX unless the '--jsx' flag is provided.
src/screens/player/CourtBooking.tsx(745,25): error TS17004: Cannot use JSX unless the '--jsx' flag is provided.
src/screens/player/CourtBooking.tsx(746,27): error TS17004: Cannot use JSX unless the '--jsx' flag is provided.
src/screens/player/CourtBooking.tsx(747,27): error TS17004: Cannot use JSX unless the '--jsx' flag is provided.
src/screens/player/CourtBooking.tsx(750,27): error TS17004: Cannot use JSX unless the '--jsx' flag is provided.
src/screens/player/CourtBooking.tsx(751,29): error TS17004: Cannot use JSX unless the '--jsx' flag is provided.
src/screens/player/CourtBooking.tsx(754,29): error TS17004: Cannot use JSX unless the '--jsx' flag is provided.
src/screens/player/CourtBooking.tsx(757,25): error TS17004: Cannot use JSX unless the '--jsx' flag is provided.
src/screens/player/CourtBooking.tsx(758,27): error TS17004: Cannot use JSX unless the '--jsx' flag is provided.
src/screens/player/CourtBooking.tsx(761,27): error TS17004: Cannot use JSX unless the '--jsx' flag is provided.
src/screens/player/CourtBooking.tsx(768,21): error TS17004: Cannot use JSX unless the '--jsx' flag is provided.
src/screens/player/CourtBooking.tsx(774,25): error TS17004: Cannot use JSX unless the '--jsx' flag is provided.
src/screens/player/CourtBooking.tsx(776,25): error TS17004: Cannot use JSX unless the '--jsx' flag is provided.
src/screens/player/CourtBooking.tsx(777,27): error TS17004: Cannot use JSX unless the '--jsx' flag is provided.
src/screens/player/CourtBooking.tsx(778,27): error TS17004: Cannot use JSX unless the '--jsx' flag is provided.
src/screens/player/CourtBooking.tsx(784,19): error TS17004: Cannot use JSX unless the '--jsx' flag is provided.
src/screens/player/CourtBooking.tsx(785,21): error TS17004: Cannot use JSX unless the '--jsx' flag is provided.
src/screens/player/CourtBooking.tsx(786,21): error TS17004: Cannot use JSX unless the '--jsx' flag is provided.
src/screens/player/CourtBooking.tsx(800,11): error TS17004: Cannot use JSX unless the '--jsx' flag is provided.
src/screens/player/CourtBooking.tsx(809,15): error TS17004: Cannot use JSX unless the '--jsx' flag is provided.
src/screens/player/CourtBooking.tsx(810,23): error TS17004: Cannot use JSX unless the '--jsx' flag is provided.
src/screens/player/CourtBooking.tsx(819,19): error TS17004: Cannot use JSX unless the '--jsx' flag is provided.
src/screens/player/CourtBooking.tsx(824,21): error TS17004: Cannot use JSX unless the '--jsx' flag is provided.
src/screens/player/CourtBooking.tsx(826,21): error TS17004: Cannot use JSX unless the '--jsx' flag is provided.
src/screens/player/CourtBooking.tsx(827,23): error TS17004: Cannot use JSX unless the '--jsx' flag is provided.
src/screens/player/CourtBooking.tsx(828,25): error TS17004: Cannot use JSX unless the '--jsx' flag is provided.
src/screens/player/CourtBooking.tsx(829,25): error TS17004: Cannot use JSX unless the '--jsx' flag is provided.
src/screens/player/CourtBooking.tsx(830,25): error TS17004: Cannot use JSX unless the '--jsx' flag is provided.
src/screens/player/CourtBooking.tsx(832,23): error TS17004: Cannot use JSX unless the '--jsx' flag is provided.
src/screens/player/CourtBooking.tsx(833,25): error TS17004: Cannot use JSX unless the '--jsx' flag is provided.
src/screens/player/CourtBooking.tsx(834,25): error TS17004: Cannot use JSX unless the '--jsx' flag is provided.
src/screens/player/CourtBooking.tsx(836,23): error TS17004: Cannot use JSX unless the '--jsx' flag is provided.
src/screens/player/CourtBooking.tsx(837,25): error TS17004: Cannot use JSX unless the '--jsx' flag is provided.
src/screens/player/CourtBooking.tsx(838,25): error TS17004: Cannot use JSX unless the '--jsx' flag is provided.
src/screens/player/CourtBooking.tsx(840,23): error TS17004: Cannot use JSX unless the '--jsx' flag is provided.
src/screens/player/CourtBooking.tsx(841,25): error TS17004: Cannot use JSX unless the '--jsx' flag is provided.
src/screens/player/CourtBooking.tsx(843,27): error TS17004: Cannot use JSX unless the '--jsx' flag is provided.
src/screens/player/CourtBooking.tsx(845,27): error TS17004: Cannot use JSX unless the '--jsx' flag is provided.
src/screens/player/CourtBooking.tsx(851,21): error TS17004: Cannot use JSX unless the '--jsx' flag is provided.
src/screens/player/CourtBooking.tsx(852,23): error TS17004: Cannot use JSX unless the '--jsx' flag is provided.
src/screens/player/CourtBooking.tsx(856,25): error TS17004: Cannot use JSX unless the '--jsx' flag is provided.
src/screens/player/CourtBooking.tsx(858,23): error TS17004: Cannot use JSX unless the '--jsx' flag is provided.
src/screens/player/CourtBooking.tsx(864,27): error TS17004: Cannot use JSX unless the '--jsx' flag is provided.
src/screens/player/CourtBooking.tsx(866,27): error TS17004: Cannot use JSX unless the '--jsx' flag is provided.
src/screens/player/CourtBooking.tsx(882,11): error TS17004: Cannot use JSX unless the '--jsx' flag is provided.
src/screens/player/CourtBooking.tsx(891,15): error TS17004: Cannot use JSX unless the '--jsx' flag is provided.
src/screens/player/CourtBooking.tsx(892,23): error TS17004: Cannot use JSX unless the '--jsx' flag is provided.
src/screens/player/CourtBooking.tsx(898,17): error TS17004: Cannot use JSX unless the '--jsx' flag is provided.
src/screens/player/CourtBooking.tsx(902,19): error TS17004: Cannot use JSX unless the '--jsx' flag is provided.
src/screens/player/CourtBooking.tsx(906,19): error TS17004: Cannot use JSX unless the '--jsx' flag is provided.
src/screens/player/CourtBooking.tsx(907,21): error TS17004: Cannot use JSX unless the '--jsx' flag is provided.
src/screens/player/CourtBooking.tsx(908,23): error TS17004: Cannot use JSX unless the '--jsx' flag is provided.
src/screens/player/CourtBooking.tsx(909,23): error TS17004: Cannot use JSX unless the '--jsx' flag is provided.
src/screens/player/CourtBooking.tsx(911,21): error TS17004: Cannot use JSX unless the '--jsx' flag is provided.
src/screens/player/CourtBooking.tsx(912,23): error TS17004: Cannot use JSX unless the '--jsx' flag is provided.
src/screens/player/CourtBooking.tsx(913,23): error TS17004: Cannot use JSX unless the '--jsx' flag is provided.
src/screens/player/CourtBooking.tsx(915,21): error TS17004: Cannot use JSX unless the '--jsx' flag is provided.
src/screens/player/CourtBooking.tsx(916,23): error TS17004: Cannot use JSX unless the '--jsx' flag is provided.
src/screens/player/CourtBooking.tsx(917,23): error TS17004: Cannot use JSX unless the '--jsx' flag is provided.
src/screens/player/CourtBooking.tsx(919,21): error TS17004: Cannot use JSX unless the '--jsx' flag is provided.
src/screens/player/CourtBooking.tsx(920,23): error TS17004: Cannot use JSX unless the '--jsx' flag is provided.
src/screens/player/CourtBooking.tsx(921,23): error TS17004: Cannot use JSX unless the '--jsx' flag is provided.
src/screens/player/CourtBooking.tsx(929,21): error TS17004: Cannot use JSX unless the '--jsx' flag is provided.
src/screens/player/CourtBooking.tsx(930,23): error TS17004: Cannot use JSX unless the '--jsx' flag is provided.
src/screens/player/CourtBooking.tsx(931,23): error TS17004: Cannot use JSX unless the '--jsx' flag is provided.
src/screens/player/CourtBooking.tsx(948,7): error TS17004: Cannot use JSX unless the '--jsx' flag is provided.
src/screens/player/CourtBooking.tsx(950,11): error TS17004: Cannot use JSX unless the '--jsx' flag is provided.
src/screens/player/CourtBooking.tsx(957,13): error TS17004: Cannot use JSX unless the '--jsx' flag is provided.
src/screens/player/CourtBooking.tsx(964,15): error TS17004: Cannot use JSX unless the '--jsx' flag is provided.
src/screens/player/CourtBooking.tsx(965,17): error TS17004: Cannot use JSX unless the '--jsx' flag is provided.
src/screens/player/CourtBooking.tsx(968,15): error TS17004: Cannot use JSX unless the '--jsx' flag is provided.
src/screens/player/CourtBooking.tsx(969,15): error TS17004: Cannot use JSX unless the '--jsx' flag is provided.
src/screens/player/CourtBooking.tsx(972,15): error TS17004: Cannot use JSX unless the '--jsx' flag is provided.
src/screens/player/CourtBooking.tsx(973,17): error TS17004: Cannot use JSX unless the '--jsx' flag is provided.
src/screens/player/CourtBooking.tsx(985,15): error TS17004: Cannot use JSX unless the '--jsx' flag is provided.
src/screens/player/CourtBooking.tsx(988,15): error TS17004: Cannot use JSX unless the '--jsx' flag is provided.
src/screens/player/CourtBooking.tsx(1013,5): error TS17004: Cannot use JSX unless the '--jsx' flag is provided.
src/screens/player/CourtBooking.tsx(1014,7): error TS17004: Cannot use JSX unless the '--jsx' flag is provided.
src/screens/player/CourtBooking.tsx(1016,9): error TS17004: Cannot use JSX unless the '--jsx' flag is provided.
src/screens/player/CourtBooking.tsx(1018,7): error TS17004: Cannot use JSX unless the '--jsx' flag is provided.
src/screens/player/CourtBooking.tsx(1034,5): error TS17004: Cannot use JSX unless the '--jsx' flag is provided.
src/screens/player/CourtBooking.tsx(1035,7): error TS17004: Cannot use JSX unless the '--jsx' flag is provided.
src/screens/player/CourtBooking.tsx(1036,7): error TS17004: Cannot use JSX unless the '--jsx' flag is provided.
src/screens/player/CourtBooking.tsx(1037,7): error TS17004: Cannot use JSX unless the '--jsx' flag is provided.
src/screens/player/CourtBooking.tsx(1039,9): error TS17004: Cannot use JSX unless the '--jsx' flag is provided.
src/screens/player/CourtBooking.tsx(1052,5): error TS17004: Cannot use JSX unless the '--jsx' flag is provided.
src/screens/player/CourtBooking.tsx(1053,7): error TS17004: Cannot use JSX unless the '--jsx' flag is provided.
src/screens/player/CourtBooking.tsx(1054,7): error TS17004: Cannot use JSX unless the '--jsx' flag is provided.
